../Core/Src/main.c:215:6:HAL_UART_TxCpltCallback	16	static
../Core/Src/main.c:221:7:get_mean_ADC_reading	24	static
../Core/Src/main.c:229:6:get_bus_voltage	8	static
../Core/Src/main.c:234:6:get_actual_temperature	24	static
../Core/Src/main.c:251:6:get_ambient_temp	8	static
../Core/Src/main.c:259:6:debugPrint	16	static
../Core/Src/main.c:266:6:init_OLED	16	static
../Core/Src/main.c:284:6:update_OLED	24	static
../Core/Src/main.c:346:6:get_set_temperature	8	static
../Core/Src/main.c:353:6:beep_ms	16	static
../Core/Src/main.c:360:6:check_beep	8	static
../Core/Src/main.c:368:6:check_emergency_shutdown	16	static
../Core/Src/main.c:387:6:get_button_status	8	static
../Core/Src/main.c:410:6:get_stand_status	16	static
../Core/Src/main.c:432:6:get_handle_type	16	static
../Core/Src/main.c:467:6:HAL_GPIO_EXTI_Callback	16	static
../Core/Src/main.c:474:6:HAL_TIM_IC_CaptureCallback	16	static
../Core/Src/main.c:481:6:set_heater_duty	16	static
../Core/Src/main.c:493:5:main	128	static
../Core/Src/main.c:677:6:SystemClock_Config	88	static
../Core/Src/main.c:724:13:MX_ADC1_Init	80	static
../Core/Src/main.c:834:13:MX_CRC_Init	8	static
../Core/Src/main.c:865:13:MX_I2C1_Init	8	static
../Core/Src/main.c:913:13:MX_SPI1_Init	8	static
../Core/Src/main.c:953:13:MX_TIM2_Init	64	static
../Core/Src/main.c:1012:13:MX_TIM3_Init	56	static
../Core/Src/main.c:1061:13:MX_TIM16_Init	8	static
../Core/Src/main.c:1093:13:MX_TIM17_Init	88	static
../Core/Src/main.c:1156:13:MX_USART2_UART_Init	8	static
../Core/Src/main.c:1202:13:MX_DMA_Init	16	static
../Core/Src/main.c:1221:13:MX_GPIO_Init	40	static
../Core/Src/main.c:1286:6:Error_Handler	4	static,ignoring_inline_asm
